
idx STL                               verd   cells   BL  skew   no    ar     t    
--------------------------------------------------------------------------------
1   test_cube.stl                     PASS   8386    3   1.78   73.5  85.9   14.0 
2   easy_100034.stl                   PASS   2414    3   3.82   89.9  205.1  11.4 
3   easy_100423.stl                   PASS   8169    3   5.37   89.9  401.1  15.7 
4   easy_100643.stl                   PASS   939     3   2.15   88.7  76.6   9.5  
5   easy_101170.stl                   PASS   4722    3   2.56   89.3  240.7  13.1 
6   easy_101187.stl                   PASS   7293    3   2.86   90.0  186.1  15.8 
7   extreme_1017013.stl               FAIL   10525   3   16080.31 90.0  56.0   24.5 
8   extreme_1017014.stl               FAIL   10586   3   916.70 90.0  60.4   24.5 
9   extreme_1017017.stl               PASS   12244   3   2.69   79.3  403.4  26.0 
10  extreme_102308.stl                CRASH  0       0   0.00   0.0   0.0    24.7  | rc=-11 
11  extreme_1037019.stl               PASS   22029   3   4.92   90.0  71.1   26.1 
12  hard_100027.stl                   PASS   3863    3   2.93   88.2  476.9  12.4 
13  hard_100029.stl                   UNKNO  0       0   0.00   0.0   0.0    40.5 
14  hard_100030.stl                   TIMEO  0       0   0.00   0.0   0.0    90.0  | timeout_90s
15  hard_100040.stl                   PASS   9810    3   2.96   82.2  253.4  25.0 
16  hard_1004826.stl                  CRASH  0       0   0.00   0.0   0.0    71.2  | rc=-11 
17  medium_100045.stl                 PASS_  5750    3   3.79   62.6  26.3   13.3 
18  medium_100077.stl                 PASS   4988    3   2.47   85.2  129.5  13.6 
19  medium_100322.stl                 FAIL   7580    3   32.10  89.9  620.4  20.4 
20  medium_100323.stl                 FAIL   7517    3   45.89  89.9  723.5  19.5 
21  medium_100330.stl                 FAIL   6090    3   76.08  90.0  602.4  19.4 

================================================================================
{
  "n_total": 21,
  "pass_count": 11,
  "bl_exact_count": 17,
  "pass_rate_pct": 52.4,
  "bl_exact_rate_pct": 81.0,
  "score": 1950.0
}
