
idx STL                               verd   cells   BL  skew   no    ar     t    
--------------------------------------------------------------------------------
1   test_cube.stl                     PASS   8463    3   1.57   87.2  111.9  15.0 
2   easy_100034.stl                   PASS   1201    3   12.22  89.9  186.7  10.9 
3   easy_100423.stl                   FAIL   6957    3   43.06  89.9  594.0  15.6 
4   easy_100643.stl                   PASS   438     3   6.76   87.0  64.8   9.9  
5   easy_101170.stl                   FAIL   3469    3   24.17  86.2  243.5  13.1 
6   easy_101187.stl                   FAIL   5731    3   82.00  86.9  197.3  15.5 
7   extreme_1017013.stl               FAIL   10722   3   395.03 90.0  55.4   27.6 
8   extreme_1017014.stl               FAIL   10986   3   349.53 90.0  60.9   28.4 
9   extreme_1017017.stl               PASS   11529   3   3.61   89.9  265.4  28.7 
10  extreme_102308.stl                CRASH  0       0   0.00   0.0   0.0    29.3  | rc=-11 
11  extreme_1037019.stl               PASS   22039   3   3.56   86.8  76.4   29.8 
12  hard_100027.stl                   PASS   1824    3   12.62  88.1  342.2  11.8 
13  hard_100029.stl                   FAIL   16273   3   681.21 90.0  157.9  73.1 
14  hard_100030.stl                   PASS   8242    3   7.20   89.6  365.9  17.8 
15  hard_100040.stl                   PASS   10022   3   5.20   89.9  298.3  26.6 
16  hard_1004826.stl                  PASS   8109    3   2.63   89.6  128.2  21.2 
17  medium_100045.stl                 PASS_  5565    3   3.17   68.5  16.8   11.6 
18  medium_100077.stl                 PASS   3972    3   6.93   89.7  95.8   13.0 
19  medium_100322.stl                 PASS   6822    3   5.62   79.7  207.9  12.8 
20  medium_100323.stl                 PASS   6974    3   11.15  72.9  122.7  13.2 
21  medium_100330.stl                 FAIL   2865    3   179.98 89.9  486.6  12.1 

================================================================================
{
  "n_total": 21,
  "pass_count": 12,
  "bl_exact_count": 20,
  "pass_rate_pct": 57.1,
  "bl_exact_rate_pct": 95.2,
  "score": 2200.0
}
2200.000
