
idx STL                               verd   cells   BL  skew   no    ar     t    
--------------------------------------------------------------------------------
1   test_cube.stl                     PASS   8463    3   1.84   88.6  111.9  15.0 
2   easy_100034.stl                   PASS   2434    3   3.55   89.9  194.1  11.7 
3   easy_100423.stl                   PASS   8334    3   4.96   90.0  594.0  17.2 
4   easy_100643.stl                   PASS   954     3   2.25   89.9  64.8   10.3 
5   easy_101170.stl                   PASS   4714    3   2.44   90.0  248.4  14.5 
6   easy_101187.stl                   PASS   7309    3   3.29   90.0  212.7  17.4 
7   extreme_1017013.stl               FAIL   10374   3   82264.94 90.0  55.4   27.3 
8   extreme_1017014.stl               FAIL   10392   3   627.00 90.0  60.9   27.9 
9   extreme_1017017.stl               PASS   11529   3   3.61   89.9  265.4  29.2 
10  extreme_102308.stl                CRASH  0       0   0.00   0.0   0.0    29.4  | rc=-11 
11  extreme_1037019.stl               PASS   22075   3   3.16   89.7  76.4   30.1 
12  hard_100027.stl                   PASS   3816    3   3.79   90.0  411.3  13.4 
13  hard_100029.stl                   FAIL   20692   3   1477.33 90.0  157.9  72.8 
14  hard_100030.stl                   FAIL   8656    3   80.73  89.9  365.2  18.0 
15  hard_100040.stl                   PASS   10106   3   2.87   89.5  297.8  26.7 
16  hard_1004826.stl                  PASS   8313    3   2.31   90.0  128.0  22.5 
17  medium_100045.stl                 PASS_  5556    3   3.30   65.2  18.7   11.5 
18  medium_100077.stl                 PASS   4980    3   2.06   90.0  114.9  14.0 
19  medium_100322.stl                 PASS   7658    3   15.55  90.0  322.9  18.1 
20  medium_100323.stl                 FAIL   7605    3   276.81 89.9  332.5  18.0 
21  medium_100330.stl                 PASS   5763    3   13.76  89.9  646.8  14.9 

================================================================================
{
  "n_total": 21,
  "pass_count": 14,
  "bl_exact_count": 20,
  "pass_rate_pct": 66.7,
  "bl_exact_rate_pct": 95.2,
  "score": 2400.0
}
2400.000
