
idx STL                               verd   cells   BL  skew   no    ar     t    
--------------------------------------------------------------------------------
1   test_cube.stl                     PASS   7515    3   4.95   69.7  100.2  14.0 
2   easy_100034.stl                   PASS   1357    3   5.76   79.6  194.1  11.2 
3   easy_100423.stl                   PASS   4884    3   12.48  80.8  594.0  13.9 
4   easy_100643.stl                   FAIL   348     3   414.55 77.6  64.8   10.0 
5   easy_101170.stl                   PASS   4093    3   6.26   86.2  248.4  14.2 
6   easy_101187.stl                   FAIL   6616    3   3554.01 87.7  212.7  16.8 
7   extreme_1017013.stl               FAIL   8859    3   700.73 90.0  54.3   25.2 
8   extreme_1017014.stl               FAIL   8850    3   318.77 90.0  59.3   25.2 
9   extreme_1017017.stl               PASS   11361   3   18.62  88.6  265.4  29.0 
10  extreme_102308.stl                CRASH  0       0   0.00   0.0   0.0    28.1  | rc=-11 
11  extreme_1037019.stl               FAIL   21829   3   41.95  88.7  76.4   29.6 
12  hard_100027.stl                   PASS   2280    3   7.17   85.2  411.3  12.1 
13  hard_100029.stl                   FAIL   14710   3   4891.67 90.0  157.9  69.2 
14  hard_100030.stl                   PASS   8071    3   15.62  80.8  365.2  17.8 
15  hard_100040.stl                   PASS   8765    3   14.76  89.8  297.8  24.7 
16  hard_1004826.stl                  FAIL   8112    3   40.29  89.8  128.0  21.1 
17  medium_100045.stl                 PASS_  5565    3   3.17   68.5  16.8   11.5 
18  medium_100077.stl                 PASS   2454    3   7.82   71.7  114.9  11.5 
19  medium_100322.stl                 PASS   6999    3   3.70   77.1  224.7  13.5 
20  medium_100323.stl                 FAIL   7166    3   34.62  73.1  252.2  13.1 
21  medium_100330.stl                 FAIL   3318    3   126.65 90.0  645.0  12.7 

================================================================================
{
  "n_total": 21,
  "pass_count": 10,
  "bl_exact_count": 20,
  "pass_rate_pct": 47.6,
  "bl_exact_rate_pct": 95.2,
  "score": 2000.0
}
2000.000
