
idx STL                               verd   cells   BL  skew   no    ar     t    
--------------------------------------------------------------------------------
1   test_cube.stl                     PASS   8463    3   1.84   88.6  111.9  16.1 
2   easy_100034.stl                   PASS   2434    3   3.02   89.8  194.1  11.9 
3   easy_100423.stl                   PASS   8334    3   4.96   90.0  594.0  17.3 
4   easy_100643.stl                   PASS   954     3   2.25   89.9  64.8   10.4 
5   easy_101170.stl                   PASS   4714    3   2.44   88.8  248.4  14.5 
6   easy_101187.stl                   PASS   7309    3   3.29   90.0  212.7  17.3 
7   extreme_1017013.stl               FAIL   10374   3   82264.94 90.0  55.4   27.4 
8   extreme_1017014.stl               FAIL   10392   3   627.00 90.0  60.9   27.6 
9   extreme_1017017.stl               PASS   11529   3   3.61   82.0  265.4  28.6 
10  extreme_102308.stl                CRASH  0       0   0.00   0.0   0.0    29.7  | rc=-11 
11  extreme_1037019.stl               PASS   22075   3   3.16   89.0  76.4   29.9 
12  hard_100027.stl                   PASS   3816    3   3.79   88.7  411.3  13.5 
13  hard_100029.stl                   FAIL   20692   3   1477.33 90.0  157.9  72.2 
14  hard_100030.stl                   FAIL   8656    3   80.73  89.9  365.2  18.2 
15  hard_100040.stl                   PASS   10106   3   2.87   87.1  297.8  26.6 
16  hard_1004826.stl                  PASS   8313    3   2.31   88.7  128.0  21.5 
17  medium_100045.stl                 PASS_  5544    0   1.82   68.5  3.2    12.1 
18  medium_100077.stl                 PASS   4980    3   2.06   88.3  114.9  14.2 
19  medium_100322.stl                 FAIL   7473    3   9.79   89.9  224.7  13.5 
20  medium_100323.stl                 FAIL   7637    3   18.22  89.9  252.2  13.5 
21  medium_100330.stl                 FAIL   5763    3   13.76  89.7  646.8  15.0 

================================================================================
{
  "n_total": 21,
  "pass_count": 12,
  "bl_exact_count": 19,
  "pass_rate_pct": 57.1,
  "bl_exact_rate_pct": 90.5,
  "score": 2150.0
}
