
idx STL                               verd   cells   BL  skew   no    ar     t    
--------------------------------------------------------------------------------
1   test_cube.stl                     PASS   8463    3   1.57   87.2  111.9  15.0 
2   easy_100034.stl                   PASS   2434    3   2.79   90.0  194.1  11.8 
3   easy_100423.stl                   PASS   8334    3   2.72   90.0  594.0  17.3 
4   easy_100643.stl                   PASS   954     3   3.55   89.7  64.8   10.4 
5   easy_101170.stl                   PASS   4714    3   2.16   90.0  248.4  14.4 
6   easy_101187.stl                   PASS   7309    3   2.54   89.8  212.7  17.6 
7   extreme_1017013.stl               FAIL   10941   3   395.03 90.0  55.4   28.3 
8   extreme_1017014.stl               FAIL   11121   3   349.53 90.0  60.9   28.6 
9   extreme_1017017.stl               PASS   11529   3   3.61   89.9  265.4  29.3 
10  extreme_102308.stl                CRASH  0       0   0.00   0.0   0.0    29.1  | rc=-11 
11  extreme_1037019.stl               PASS   22075   3   3.20   86.8  76.4   29.8 
12  hard_100027.stl                   PASS   3816    3   2.83   89.9  411.7  13.5 
13  hard_100029.stl                   FAIL   20686   3   260.17 90.0  157.9  72.6 
14  hard_100030.stl                   PASS   8656    3   6.38   89.5  365.9  17.9 
15  hard_100040.stl                   PASS   10106   3   2.89   89.9  298.3  26.4 
16  hard_1004826.stl                  PASS   8313    3   2.31   89.9  128.2  21.2 
17  medium_100045.stl                 PASS_  5565    3   3.17   68.5  16.8   11.6 
18  medium_100077.stl                 PASS   4980    3   2.13   89.9  114.9  14.1 
19  medium_100322.stl                 PASS   7473    3   3.93   89.9  225.0  13.3 
20  medium_100323.stl                 PASS   7637    3   4.56   90.0  252.4  13.7 
21  medium_100330.stl                 PASS   5763    3   4.16   89.9  646.8  15.0 

================================================================================
{
  "n_total": 21,
  "pass_count": 16,
  "bl_exact_count": 20,
  "pass_rate_pct": 76.2,
  "bl_exact_rate_pct": 95.2,
  "score": 2600.0
}
2600.000
