
idx STL                               verd   cells   BL  skew   no    ar     t    
--------------------------------------------------------------------------------
1   test_cube.stl                     PASS   8463    3   1.57   87.2  111.9  14.8 
2   easy_100034.stl                   PASS   2434    3   2.79   90.0  194.1  11.8 
3   easy_100423.stl                   PASS   8334    3   2.72   90.0  594.0  17.2 
4   easy_100643.stl                   PASS   954     3   3.55   89.7  64.8   10.3 
5   easy_101170.stl                   PASS   4714    3   2.16   90.0  248.4  14.6 
6   easy_101187.stl                   PASS   7309    3   2.54   89.8  212.7  17.3 
7   extreme_1017013.stl               FAIL   10941   3   395.03 90.0  55.4   28.3 
8   extreme_1017014.stl               FAIL   11121   3   349.53 90.0  60.9   29.2 
9   extreme_1017017.stl               PASS   11529   3   3.61   89.9  265.4  28.9 
10  extreme_102308.stl                CRASH  0       0   0.00   0.0   0.0    28.9  | rc=-11 
11  extreme_1037019.stl               PASS   22075   3   3.20   86.8  76.4   30.0 
12  hard_100027.stl                   PASS   3816    3   2.83   89.9  411.7  13.5 
13  hard_100029.stl                   FAIL   20686   3   260.17 90.0  157.9  64.6 
14  hard_100030.stl                   PASS   17905   3   10.42  89.9  824.8  24.1 
15  hard_100040.stl                   PASS   10106   3   2.89   89.9  298.3  24.6 
16  hard_1004826.stl                  PASS   14444   3   2.45   90.0  373.7  27.7 
17  medium_100045.stl                 PASS   6621    3   2.46   88.3  98.1   12.0 
18  medium_100077.stl                 PASS   4980    3   2.13   89.9  114.9  14.3 
19  medium_100322.stl                 PASS   7549    3   2.80   89.9  650.8  14.8 
20  medium_100323.stl                 PASS   7577    3   4.87   89.7  663.4  14.9 
21  medium_100330.stl                 PASS   5763    3   4.16   89.9  646.8  15.0 

================================================================================
{
  "n_total": 21,
  "pass_count": 17,
  "bl_exact_count": 20,
  "pass_rate_pct": 81.0,
  "bl_exact_rate_pct": 95.2,
  "score": 2700.0
}
2700.000
