
idx STL                               verd   cells   BL  skew   no    ar     t    
--------------------------------------------------------------------------------
1   test_cube.stl                     PASS   8463    3   1.57   87.2  111.9  14.9 
2   easy_100034.stl                   PASS   19013   3   12.11  89.5  122.4  57.5 
3   easy_100423.stl                   PASS   8334    3   2.72   90.0  594.0  16.1 
4   easy_100643.stl                   PASS   2887    3   3.55   89.8  80.3   13.7 
5   easy_101170.stl                   PASS   41995   3   2.48   89.6  150.3  69.7 
6   easy_101187.stl                   PASS   42406   3   3.77   86.0  125.7  71.1 
7   extreme_1017013.stl               FAIL   12955   3   1723.87 89.8  186.2  31.3 
8   extreme_1017014.stl               FAIL   13059   3   12092.35 89.3  58.4   31.4 
9   extreme_1017017.stl               PASS   92767   3   1.97   87.6  79.0   131.5
10  extreme_102308.stl                CRASH  0       0   0.00   0.0   0.0    36.1  | rc=-11 
11  extreme_1037019.stl               PASS   22075   3   3.20   86.8  76.4   29.8 
12  hard_100027.stl                   PASS   16571   3   7.76   89.7  251.7  37.2 
13  hard_100029.stl                   FAIL   22734   3   2772.29 89.9  124.8  99.9 
14  hard_100030.stl                   PASS   8656    3   6.38   89.5  365.9  18.1 
15  hard_100040.stl                   PASS   12265   3   2.70   89.7  178.0  47.2 
16  hard_1004826.stl                  PASS   8313    3   2.31   89.9  128.2  21.1 
17  medium_100045.stl                 PASS_  5565    3   3.17   68.5  16.8   11.7 
18  medium_100077.stl                 PASS   4980    3   2.13   89.9  114.9  14.0 
19  medium_100322.stl                 PASS   7473    3   3.93   89.9  225.0  13.5 
20  medium_100323.stl                 PASS   7637    3   4.56   90.0  252.4  13.7 
21  medium_100330.stl                 PASS   25442   3   16.18  90.0  267.0  39.8 

================================================================================
{
  "n_total": 21,
  "pass_count": 16,
  "bl_exact_count": 20,
  "pass_rate_pct": 76.2,
  "bl_exact_rate_pct": 95.2,
  "score": 2600.0
}
2600.000
