
idx STL                               verd   cells   BL  skew   no    ar     t    
--------------------------------------------------------------------------------
1   test_cube.stl                     PASS   8463    3   1.84   88.6  111.9  15.0 
2   easy_100034.stl                   PASS   2434    3   3.83   89.9  147.4  11.7 
3   easy_100423.stl                   PASS   8334    3   4.51   90.0  173.6  17.1 
4   easy_100643.stl                   PASS   954     3   2.25   89.9  64.8   10.2 
5   easy_101170.stl                   PASS   4714    3   2.57   90.0  166.7  14.4 
6   easy_101187.stl                   PASS   7306    3   15.12  90.0  123.6  17.4 
7   extreme_1017013.stl               FAIL   10374   3   82264.94 90.0  55.4   27.4 
8   extreme_1017014.stl               FAIL   10392   3   627.00 90.0  60.9   28.2 
9   extreme_1017017.stl               PASS   11529   3   3.80   89.7  146.6  28.7 
10  extreme_102308.stl                CRASH  0       0   0.00   0.0   0.0    29.6  | rc=-11 
11  extreme_1037019.stl               PASS   22075   3   3.16   89.7  76.4   29.9 
12  hard_100027.stl                   PASS   3816    3   3.79   89.8  193.3  13.6 
13  hard_100029.stl                   FAIL   20692   3   1477.33 90.0  157.9  72.9 
14  hard_100030.stl                   FAIL   8656    3   80.73  90.0  222.8  18.1 
15  hard_100040.stl                   PASS   10106   3   2.87   89.5  297.8  26.8 
16  hard_1004826.stl                  PASS   8313    3   2.31   90.0  128.0  21.4 
17  medium_100045.stl                 PASS_  5565    3   3.17   68.5  16.8   11.7 
18  medium_100077.stl                 PASS   4980    3   2.06   90.0  114.9  14.1 
19  medium_100322.stl                 PASS   7473    3   9.79   89.9  215.3  13.4 
20  medium_100323.stl                 PASS   7637    3   18.22  89.9  206.6  13.5 
21  medium_100330.stl                 FAIL   5757    3   59.68  90.0  229.9  14.9 

================================================================================
{
  "n_total": 21,
  "pass_count": 14,
  "bl_exact_count": 20,
  "pass_rate_pct": 66.7,
  "bl_exact_rate_pct": 95.2,
  "score": 2400.0
}
2400.000
