
idx STL                               verd   cells   BL  skew   no    ar     t    
--------------------------------------------------------------------------------
1   test_cube.stl                     PASS   8463    3   1.84   88.6  111.9  14.7 
2   easy_100034.stl                   PASS   2434    3   3.55   89.9  194.1  11.8 
3   easy_100423.stl                   PASS   8334    3   4.96   90.0  302.3  17.0 
4   easy_100643.stl                   PASS   954     3   2.25   89.9  64.8   10.2 
5   easy_101170.stl                   PASS   4714    3   2.44   90.0  166.7  14.4 
6   easy_101187.stl                   PASS   7303    3   5.34   90.0  108.8  17.2 
7   extreme_1017013.stl               FAIL   8388    3   1501.65 89.9  56.8   24.1 
8   extreme_1017014.stl               FAIL   8643    3   768.78 90.0  59.2   24.4 
9   extreme_1017017.stl               PASS   11529   3   3.90   90.0  119.4  28.9 
10  extreme_102308.stl                CRASH  0       0   0.00   0.0   0.0    29.1  | rc=-11 
11  extreme_1037019.stl               PASS   22057   3   6.12   89.9  55.1   29.9 
12  hard_100027.stl                   PASS   3816    3   3.79   89.9  184.6  13.4 
13  hard_100029.stl                   FAIL   16753   3   496.79 90.0  80.0   72.1 
14  hard_100030.stl                   FAIL   8656    3   80.73  89.9  365.2  18.1 
15  hard_100040.stl                   PASS   10106   3   3.31   89.9  99.4   26.6 
16  hard_1004826.stl                  PASS   8313    3   2.31   90.0  128.0  21.3 
17  medium_100045.stl                 PASS_  5565    3   3.17   68.5  16.8   11.7 
18  medium_100077.stl                 PASS   4980    3   2.06   90.0  114.9  14.1 
19  medium_100322.stl                 PASS   7473    3   9.79   89.9  224.7  13.4 
20  medium_100323.stl                 PASS   7637    3   18.22  90.0  252.2  13.5 
21  medium_100330.stl                 FAIL   5751    3   70.14  90.0  215.6  15.1 

================================================================================
{
  "n_total": 21,
  "pass_count": 14,
  "bl_exact_count": 20,
  "pass_rate_pct": 66.7,
  "bl_exact_rate_pct": 95.2,
  "score": 2400.0
}
2400.000
