
idx STL                               verd   cells   BL  skew   no    ar     t    
--------------------------------------------------------------------------------
1   test_cube.stl                     PASS   8463    3   1.84   88.6  111.9  13.9 
2   easy_100034.stl                   PASS   2434    3   3.55   89.9  194.1  10.8 
3   easy_100423.stl                   PASS   8334    3   4.96   90.0  594.0  17.3 
4   easy_100643.stl                   PASS   954     3   2.25   89.9  64.8   10.6 
5   easy_101170.stl                   PASS   4714    3   2.44   90.0  248.4  14.7 
6   easy_101187.stl                   PASS   7309    3   3.29   90.0  212.7  17.8 
7   extreme_1017013.stl               FAIL   10374   3   82264.94 90.0  55.4   28.6 
8   extreme_1017014.stl               FAIL   10392   3   627.00 90.0  60.9   28.1 
9   extreme_1017017.stl               PASS   11529   3   3.61   89.9  265.4  29.4 
10  extreme_102308.stl                CRASH  0       0   0.00   0.0   0.0    30.2  | rc=-11 
11  extreme_1037019.stl               PASS   22075   3   3.16   89.7  76.4   30.2 
12  hard_100027.stl                   PASS   3816    3   3.79   90.0  411.3  13.5 
13  hard_100029.stl                   FAIL   20692   3   1477.33 90.0  157.9  73.4 
14  hard_100030.stl                   FAIL   8656    3   80.73  89.9  365.2  18.5 
15  hard_100040.stl                   PASS   10106   3   2.87   89.5  297.8  27.0 
16  hard_1004826.stl                  PASS   8313    3   2.31   90.0  128.0  21.9 
17  medium_100045.stl                 PASS_  5565    3   3.17   68.5  16.8   11.8 
18  medium_100077.stl                 PASS   4980    3   2.06   90.0  114.9  14.2 
19  medium_100322.stl                 PASS   7473    3   9.79   89.9  224.7  13.5 
20  medium_100323.stl                 PASS   7637    3   18.22  90.0  252.2  13.7 
21  medium_100330.stl                 PASS   5763    3   13.76  89.9  646.8  15.2 

================================================================================
{
  "n_total": 21,
  "pass_count": 15,
  "bl_exact_count": 20,
  "pass_rate_pct": 71.4,
  "bl_exact_rate_pct": 95.2,
  "score": 2500.0
}
