
idx STL                               verd   cells   BL  skew   no    ar     t    
--------------------------------------------------------------------------------
1   test_cube.stl                     PASS   21634   3   1.71   89.8  74.1   30.3 
2   easy_100034.stl                   PASS   2434    3   3.02   89.8  194.1  13.5 
3   easy_100423.stl                   PASS   8334    3   4.96   90.0  594.0  23.6 
4   easy_100643.stl                   PASS   954     3   2.25   89.9  64.8   11.1 
5   easy_101170.stl                   PASS   4714    3   2.44   88.8  248.4  18.5 
6   easy_101187.stl                   PASS   7309    3   3.29   90.0  212.7  22.2 
7   extreme_1017013.stl               FAIL   10374   3   82264.94 90.0  55.4   40.7 
8   extreme_1017014.stl               FAIL   10392   3   627.00 90.0  60.9   41.5 
9   extreme_1017017.stl               PASS   11529   3   3.61   89.0  265.4  42.6 
10  extreme_102308.stl                CRASH  0       0   0.00   0.0   0.0    29.1  | rc=-11 
11  extreme_1037019.stl               PASS   22075   3   3.16   89.0  76.4   42.5 
12  hard_100027.stl                   PASS   3816    3   3.79   89.0  411.3  17.2 
13  hard_100029.stl                   FAIL   20692   3   1477.33 90.0  157.9  92.3 
14  hard_100030.stl                   TIMEO  0       0   0.00   0.0   0.0    150.0 | timeout_150s
15  hard_100040.stl                   PASS   10106   3   2.87   89.6  297.8  41.1 
16  hard_1004826.stl                  TIMEO  0       0   0.00   0.0   0.0    150.0 | timeout_150s
17  medium_100045.stl                 PASS_  5646    3   3.04   68.5  23.9   13.7 
18  medium_100077.stl                 PASS   4980    3   2.06   89.4  114.9  17.2 
19  medium_100322.stl                 FAIL   7548    3   9.79   89.9  413.4  18.8 
20  medium_100323.stl                 FAIL   7748    3   18.22  89.9  628.7  22.5 
21  medium_100330.stl                 FAIL   5763    3   13.76  89.6  646.8  20.6 

================================================================================
{
  "n_total": 21,
  "pass_count": 11,
  "bl_exact_count": 18,
  "pass_rate_pct": 52.4,
  "bl_exact_rate_pct": 85.7,
  "score": 2000.0
}
