
idx STL                               verd   cells   BL  skew   no    ar     t    
--------------------------------------------------------------------------------
1   test_cube.stl                     PASS   8386    3   1.78   73.5  85.9   13.8 
2   easy_100034.stl                   PASS   2414    3   3.82   89.9  205.1  11.1 
3   easy_100423.stl                   PASS   8169    3   5.37   89.9  401.1  16.4 
4   easy_100643.stl                   PASS   939     3   2.15   88.7  76.6   10.0 
5   easy_101170.stl                   PASS   4722    3   2.56   89.3  240.7  13.9 
6   easy_101187.stl                   PASS   7293    3   2.86   90.0  186.1  16.7 
7   extreme_1017013.stl               FAIL   10525   3   16080.31 90.0  56.0   26.1 
8   extreme_1017014.stl               FAIL   10586   3   916.70 90.0  60.4   25.8 
9   extreme_1017017.stl               PASS   12244   3   2.69   79.3  403.4  28.4 
10  extreme_102308.stl                CRASH  0       0   0.00   0.0   0.0    26.5  | rc=-11 
11  extreme_1037019.stl               PASS   22029   3   4.92   90.0  71.1   28.0 
12  hard_100027.stl                   PASS   3863    3   2.93   88.7  476.9  12.9 
13  hard_100029.stl                   FAIL   21266   3   458.35 90.0  145.8  76.4 
14  hard_100030.stl                   FAIL   8650    3   17.14  89.6  792.2  134.3
15  hard_100040.stl                   FAIL   9810    3   8.19   83.7  253.4  24.1 
16  hard_1004826.stl                  TIMEO  0       0   0.00   0.0   0.0    150.0 | timeout_150s
17  medium_100045.stl                 PASS_  5750    3   3.79   62.6  26.3   11.9 
18  medium_100077.stl                 PASS   4988    3   2.47   88.9  129.5  13.6 
19  medium_100322.stl                 FAIL   7580    3   32.10  89.9  620.4  16.6 
20  medium_100323.stl                 FAIL   7517    3   45.89  89.9  723.5  15.8 
21  medium_100330.stl                 FAIL   6090    3   76.08  90.0  602.4  15.7 

================================================================================
{
  "n_total": 21,
  "pass_count": 10,
  "bl_exact_count": 19,
  "pass_rate_pct": 47.6,
  "bl_exact_rate_pct": 90.5,
  "score": 1950.0
}
