
idx STL                               verd   cells   BL  skew   no    ar     t    
--------------------------------------------------------------------------------
1   test_cube.stl                     PASS   8463    3   1.57   87.2  111.9  14.9 
2   easy_100034.stl                   PASS   19013   3   12.11  89.5  122.4  25.8 
3   easy_100423.stl                   PASS   8334    3   2.72   90.0  594.0  17.2 
4   easy_100643.stl                   PASS   1492    3   3.55   89.5  87.1   11.9 
5   easy_101170.stl                   PASS   41995   3   2.48   89.6  150.3  60.7 
6   easy_101187.stl                   PASS   42406   3   3.77   86.0  125.7  61.0 
7   extreme_1017013.stl               FAIL   12955   3   1723.87 89.8  186.2  31.6 
8   extreme_1017014.stl               FAIL   13059   3   12092.35 89.3  58.4   31.3 
9   extreme_1017017.stl               PASS   48576   3   2.43   88.3  132.1  75.8 
10  extreme_102308.stl                CRASH  0       0   0.00   0.0   0.0    31.6  | rc=-11 
11  extreme_1037019.stl               PASS   22075   3   3.20   86.8  76.4   30.3 
12  hard_100027.stl                   PASS   9807    3   7.19   89.6  271.6  27.5 
13  hard_100029.stl                   FAIL   22734   3   2772.29 89.9  124.8  73.4 
14  hard_100030.stl                   PASS   8656    3   6.38   89.5  365.9  18.4 
15  hard_100040.stl                   PASS   11336   3   2.89   89.6  239.8  47.1 
16  hard_1004826.stl                  PASS   14444   3   2.45   90.0  373.7  27.8 
17  medium_100045.stl                 PASS   6621    3   2.46   88.3  98.1   11.7 
18  medium_100077.stl                 PASS   4980    3   2.13   89.9  114.9  14.2 
19  medium_100322.stl                 PASS   7549    3   2.80   89.9  650.8  14.8 
20  medium_100323.stl                 PASS   7577    3   4.87   89.7  663.4  14.9 
21  medium_100330.stl                 PASS   13075   3   4.59   89.9  387.6  30.8 

================================================================================
{
  "n_total": 21,
  "pass_count": 17,
  "bl_exact_count": 20,
  "pass_rate_pct": 81.0,
  "bl_exact_rate_pct": 95.2,
  "score": 2700.0
}
2700.000
